// Jest Snapshot v1, https://goo.gl/fbAQLP

exports[`renders correctly 1`] = `
Object {
  "asFragment": [Function],
  "baseElement": <body>
    <div>
      <div
        class="App"
      >
        <div
          class="game"
        >
          <form
            class="form"
          >
            <input
              placeholder="Grid size"
            />
            <button>
              Update
            </button>
          </form>
          <p
            class="turn__indicator"
            data-testid="turn__indicator"
          >
            Turn 
            X
          </p>
          <div
            class="grid"
            data-testid="grid"
            style="grid-template-columns: repeat(3, 56px);"
          >
            <div
              class="grid-cell"
              data-testid="grid__cell"
              role="button"
            >
              <span />
            </div>
            <div
              class="grid-cell"
              data-testid="grid__cell"
              role="button"
            >
              <span />
            </div>
            <div
              class="grid-cell"
              data-testid="grid__cell"
              role="button"
            >
              <span />
            </div>
            <div
              class="grid-cell"
              data-testid="grid__cell"
              role="button"
            >
              <span />
            </div>
            <div
              class="grid-cell"
              data-testid="grid__cell"
              role="button"
            >
              <span />
            </div>
            <div
              class="grid-cell"
              data-testid="grid__cell"
              role="button"
            >
              <span />
            </div>
            <div
              class="grid-cell"
              data-testid="grid__cell"
              role="button"
            >
              <span />
            </div>
            <div
              class="grid-cell"
              data-testid="grid__cell"
              role="button"
            >
              <span />
            </div>
            <div
              class="grid-cell"
              data-testid="grid__cell"
              role="button"
            >
              <span />
            </div>
          </div>
          <div
            class="buttons__wrapper"
          >
            <button
              class="reset"
            >
              Reset
            </button>
            <button>
              Save game
            </button>
          </div>
        </div>
        <div
          class="saved-games"
        >
          <h3>
            Saved games
          </h3>
          <ul
            class="games-list"
          >
            <p
              data-testid="no__games"
            >
              No saved games
            </p>
          </ul>
        </div>
      </div>
    </div>
  </body>,
  "container": <div>
    <div
      class="App"
    >
      <div
        class="game"
      >
        <form
          class="form"
        >
          <input
            placeholder="Grid size"
          />
          <button>
            Update
          </button>
        </form>
        <p
          class="turn__indicator"
          data-testid="turn__indicator"
        >
          Turn 
          X
        </p>
        <div
          class="grid"
          data-testid="grid"
          style="grid-template-columns: repeat(3, 56px);"
        >
          <div
            class="grid-cell"
            data-testid="grid__cell"
            role="button"
          >
            <span />
          </div>
          <div
            class="grid-cell"
            data-testid="grid__cell"
            role="button"
          >
            <span />
          </div>
          <div
            class="grid-cell"
            data-testid="grid__cell"
            role="button"
          >
            <span />
          </div>
          <div
            class="grid-cell"
            data-testid="grid__cell"
            role="button"
          >
            <span />
          </div>
          <div
            class="grid-cell"
            data-testid="grid__cell"
            role="button"
          >
            <span />
          </div>
          <div
            class="grid-cell"
            data-testid="grid__cell"
            role="button"
          >
            <span />
          </div>
          <div
            class="grid-cell"
            data-testid="grid__cell"
            role="button"
          >
            <span />
          </div>
          <div
            class="grid-cell"
            data-testid="grid__cell"
            role="button"
          >
            <span />
          </div>
          <div
            class="grid-cell"
            data-testid="grid__cell"
            role="button"
          >
            <span />
          </div>
        </div>
        <div
          class="buttons__wrapper"
        >
          <button
            class="reset"
          >
            Reset
          </button>
          <button>
            Save game
          </button>
        </div>
      </div>
      <div
        class="saved-games"
      >
        <h3>
          Saved games
        </h3>
        <ul
          class="games-list"
        >
          <p
            data-testid="no__games"
          >
            No saved games
          </p>
        </ul>
      </div>
    </div>
  </div>,
  "debug": [Function],
  "findAllByAltText": [Function],
  "findAllByDisplayValue": [Function],
  "findAllByLabelText": [Function],
  "findAllByPlaceholderText": [Function],
  "findAllByRole": [Function],
  "findAllByTestId": [Function],
  "findAllByText": [Function],
  "findAllByTitle": [Function],
  "findByAltText": [Function],
  "findByDisplayValue": [Function],
  "findByLabelText": [Function],
  "findByPlaceholderText": [Function],
  "findByRole": [Function],
  "findByTestId": [Function],
  "findByText": [Function],
  "findByTitle": [Function],
  "getAllByAltText": [Function],
  "getAllByDisplayValue": [Function],
  "getAllByLabelText": [Function],
  "getAllByPlaceholderText": [Function],
  "getAllByRole": [Function],
  "getAllByTestId": [Function],
  "getAllByText": [Function],
  "getAllByTitle": [Function],
  "getByAltText": [Function],
  "getByDisplayValue": [Function],
  "getByLabelText": [Function],
  "getByPlaceholderText": [Function],
  "getByRole": [Function],
  "getByTestId": [Function],
  "getByText": [Function],
  "getByTitle": [Function],
  "queryAllByAltText": [Function],
  "queryAllByDisplayValue": [Function],
  "queryAllByLabelText": [Function],
  "queryAllByPlaceholderText": [Function],
  "queryAllByRole": [Function],
  "queryAllByTestId": [Function],
  "queryAllByText": [Function],
  "queryAllByTitle": [Function],
  "queryByAltText": [Function],
  "queryByDisplayValue": [Function],
  "queryByLabelText": [Function],
  "queryByPlaceholderText": [Function],
  "queryByRole": [Function],
  "queryByTestId": [Function],
  "queryByText": [Function],
  "queryByTitle": [Function],
  "rerender": [Function],
  "unmount": [Function],
}
`;
